Last login: Tue Mar 29 15:38:21 on ttys000
ASCI-Blue-5:~ ASCI-Blue$ cd desktop
ASCI-Blue-5:desktop ASCI-Blue$ cd iOS\ Sketches\ 2016
ASCI-Blue-5:iOS Sketches 2016 ASCI-Blue$ cd CampusMapApp00/
ASCI-Blue-5:CampusMapApp00 ASCI-Blue$ cd -a
-bash: cd: -a: invalid option
cd: usage: cd [-L|-P] [dir]
ASCI-Blue-5:CampusMapApp00 ASCI-Blue$ ls -a
.				CampusMapApp00
..				CampusMapApp00.xcodeproj
.DS_Store			CampusMapApp00Tests
.git				CampusMapApp00UITests
ASCI-Blue-5:CampusMapApp00 ASCI-Blue$ git init
Reinitialized existing Git repository in /Users/ASCI-Blue/Desktop/iOS Sketches 2016/CampusMapApp00/.git/
ASCI-Blue-5:CampusMapApp00 ASCI-Blue$ git add README.md
fatal: pathspec 'README.md' did not match any files
ASCI-Blue-5:CampusMapApp00 ASCI-Blue$ git commit -m "first commit"
On branch master
Untracked files:
	CampusMapApp00.xcodeproj/xcuserdata/ASCI-Blue.xcuserdatad/xcdebugger/

nothing added to commit but untracked files present
ASCI-Blue-5:CampusMapApp00 ASCI-Blue$ git remote add origin https://github.com/ASCI-Red/InventoryApp.gitgit remote add origin https://github.com/ASCI-Red/CampusMapApp.git
usage: git remote add [<options>] <name> <url>

    -f, --fetch           fetch the remote branches
    --tags                import all tags and associated objects when fetching
                          or do not fetch any tag at all (--no-tags)
    -t, --track <branch>  branch(es) to track
    -m, --master <branch>
                          master branch
    --mirror[=<push|fetch>]
                          set up remote as a mirror to push to or fetch from

ASCI-Blue-5:CampusMapApp00 ASCI-Blue$ git remote add origin https://github.com/ASCI-Red/CampusMapApp.git
ASCI-Blue-5:CampusMapApp00 ASCI-Blue$ git push -u origin master
Counting objects: 39, done.
Delta compression using up to 4 threads.
Compressing objects: 100% (34/34), done.
Writing objects: 100% (39/39), 12.51 KiB | 0 bytes/s, done.
Total 39 (delta 11), reused 0 (delta 0)
To https://github.com/ASCI-Red/CampusMapApp.git
 * [new branch]      master -> master
Branch master set up to track remote branch master from origin.
ASCI-Blue-5:CampusMapApp00 ASCI-Blue$ 
